nohup: ignoring input
[15:24:43] Backbone ONLINE. Pulse Rate: 2.0s
[15:24:43][DREAM] Consolidating memory fragments...
[15:24:59][DREAM] System is idle. Awaiting sensory input...
[15:25:01][DREAM] Calibrating vector space geometry...
[15:25:15][DREAM] System is idle. Awaiting sensory input...
[15:25:19][DREAM] Calibrating vector space geometry...
[15:25:21][DREAM] Calibrating vector space geometry...
[15:25:29][DREAM] Consolidating memory fragments...
[15:25:39][DREAM] Calibrating vector space geometry...
[15:25:49][DREAM] System is idle. Awaiting sensory input...
[15:25:51][DREAM] Calibrating vector space geometry...
[15:25:57][DREAM] Calibrating vector space geometry...
[15:26:05][DREAM] Maintaining homeostasis...
[15:26:07][DREAM] System is idle. Awaiting sensory input...
[15:26:17][DREAM] Maintaining homeostasis...
[15:26:19][DREAM] Scanning for architectural drift...
[15:26:21][DREAM] Calibrating vector space geometry...
[15:26:29][DREAM] Maintaining homeostasis...
[15:26:33][DREAM] Maintaining homeostasis...
[15:26:35][DREAM] Calibrating vector space geometry...
[15:26:39][DREAM] System is idle. Awaiting sensory input...
[15:26:53][DREAM] Calibrating vector space geometry...
[15:26:57][DREAM] Calibrating vector space geometry...
[15:26:59][DREAM] Checking 'Scientist' agent availability...
[15:27:09][DREAM] Calibrating vector space geometry...
[15:27:11][DREAM] Calibrating vector space geometry...
[15:27:17][DREAM] Calibrating vector space geometry...
[15:27:21][DREAM] Maintaining homeostasis...
[15:27:29][DREAM] Checking 'Scientist' agent availability...
[15:27:41][DREAM] Calibrating vector space geometry...
[15:27:47][DREAM] System is idle. Awaiting sensory input...
[15:27:51][DREAM] Maintaining homeostasis...
[15:27:53][DREAM] Maintaining homeostasis...
[15:27:57][DREAM] Maintaining homeostasis...
[15:27:59][DREAM] Maintaining homeostasis...
[15:28:01][DREAM] Maintaining homeostasis...
[15:28:05][DREAM] Calibrating vector space geometry...
[15:28:13][DREAM] Scanning for architectural drift...
[15:28:15][DREAM] Consolidating memory fragments...
[15:28:23][DREAM] Maintaining homeostasis...
[15:28:31][DREAM] Consolidating memory fragments...
[15:28:37][DREAM] Checking 'Scientist' agent availability...
[15:28:41][DREAM] System is idle. Awaiting sensory input...
[15:28:43][DREAM] Scanning for architectural drift...
[15:28:51][DREAM] Checking 'Scientist' agent availability...
[15:28:55][DREAM] System is idle. Awaiting sensory input...
[15:28:59][DREAM] Maintaining homeostasis...
[15:29:05][DREAM] Maintaining homeostasis...
[15:29:09][DREAM] Consolidating memory fragments...
[15:29:13][DREAM] Scanning for architectural drift...
[15:29:27][DREAM] Scanning for architectural drift...
[15:29:29][DREAM] Checking 'Scientist' agent availability...
[15:29:51][DREAM] Checking 'Scientist' agent availability...
[15:29:57][DREAM] Calibrating vector space geometry...
[15:30:09][DREAM] Maintaining homeostasis...
[15:30:15][DREAM] Calibrating vector space geometry...
[15:30:25][DREAM] Calibrating vector space geometry...
[15:30:29][DREAM] Checking 'Scientist' agent availability...
[15:30:33][DREAM] Consolidating memory fragments...
[15:30:43][DREAM] Calibrating vector space geometry...
[15:31:05][DREAM] Scanning for architectural drift...
[15:31:07][DREAM] Consolidating memory fragments...
[15:31:31][DREAM] Calibrating vector space geometry...
[15:31:35][DREAM] System is idle. Awaiting sensory input...
[15:31:51][DREAM] Calibrating vector space geometry...
[15:32:09][DREAM] Consolidating memory fragments...
[15:32:11][DREAM] System is idle. Awaiting sensory input...
[15:32:13][DREAM] Maintaining homeostasis...
[15:32:25][DREAM] System is idle. Awaiting sensory input...
[15:32:35][DREAM] Calibrating vector space geometry...
[15:32:45][DREAM] Checking 'Scientist' agent availability...
[15:32:47][DREAM] Scanning for architectural drift...
[15:32:49][DREAM] Checking 'Scientist' agent availability...
[15:32:51][DREAM] Calibrating vector space geometry...
[15:32:57][DREAM] Calibrating vector space geometry...
[15:33:03][DREAM] Calibrating vector space geometry...
[15:33:30][DREAM] Maintaining homeostasis...
[15:33:40][DREAM] Calibrating vector space geometry...
[15:33:44][DREAM] Maintaining homeostasis...
[15:33:50][DREAM] Maintaining homeostasis...
[15:33:58][DREAM] Checking 'Scientist' agent availability...
[15:34:02][DREAM] System is idle. Awaiting sensory input...
[15:34:04][DREAM] Checking 'Scientist' agent availability...
[15:34:08][DREAM] System is idle. Awaiting sensory input...
[15:34:18][DREAM] Checking 'Scientist' agent availability...
[15:34:26][DREAM] Calibrating vector space geometry...
[15:34:52][DREAM] System is idle. Awaiting sensory input...
[15:35:08][DREAM] System is idle. Awaiting sensory input...
[15:35:20][DREAM] Consolidating memory fragments...
[15:35:26][DREAM] Calibrating vector space geometry...
[15:35:30][DREAM] Scanning for architectural drift...
[15:35:32][DREAM] System is idle. Awaiting sensory input...
[15:35:44][DREAM] Calibrating vector space geometry...
[15:35:48][DREAM] Maintaining homeostasis...
[15:35:50][DREAM] Maintaining homeostasis...
[15:35:54][DREAM] Calibrating vector space geometry...
[15:35:56][DREAM] Consolidating memory fragments...
[15:36:10][DREAM] Checking 'Scientist' agent availability...
[15:36:16][DREAM] Consolidating memory fragments...
[15:36:24][DREAM] Consolidating memory fragments...
[15:36:26][DREAM] System is idle. Awaiting sensory input...
[15:36:40][DREAM] Checking 'Scientist' agent availability...
[15:36:54][DREAM] Maintaining homeostasis...
[15:36:56][DREAM] Calibrating vector space geometry...
[15:37:00][DREAM] Scanning for architectural drift...
[15:37:04][DREAM] Consolidating memory fragments...
[15:37:10][DREAM] System is idle. Awaiting sensory input...
[15:37:12][DREAM] System is idle. Awaiting sensory input...
[15:37:14][DREAM] Maintaining homeostasis...
[15:37:16][DREAM] Calibrating vector space geometry...
[15:37:18][DREAM] Scanning for architectural drift...
[15:37:44][DREAM] Maintaining homeostasis...
[15:37:46][DREAM] Scanning for architectural drift...
[15:37:58][DREAM] Scanning for architectural drift...
[15:38:08][DREAM] Maintaining homeostasis...
[15:38:10][DREAM] Consolidating memory fragments...
[15:38:14][DREAM] Scanning for architectural drift...
[15:38:20][DREAM] Scanning for architectural drift...
[15:38:22][DREAM] Calibrating vector space geometry...
[15:38:34][DREAM] Consolidating memory fragments...
[15:38:38][DREAM] Consolidating memory fragments...
[15:38:42][DREAM] System is idle. Awaiting sensory input...
[15:38:44][DREAM] Scanning for architectural drift...
[15:38:50][DREAM] Maintaining homeostasis...
[15:38:52][DREAM] Checking 'Scientist' agent availability...
[15:39:00][DREAM] Calibrating vector space geometry...
[15:39:04][DREAM] Scanning for architectural drift...
[15:39:10][DREAM] Checking 'Scientist' agent availability...
[15:39:18][DREAM] Maintaining homeostasis...
[15:39:22][DREAM] System is idle. Awaiting sensory input...
[15:39:30][DREAM] System is idle. Awaiting sensory input...
[15:39:32][DREAM] Consolidating memory fragments...
[15:39:34][DREAM] Maintaining homeostasis...
[15:39:44][DREAM] System is idle. Awaiting sensory input...
[15:39:50][DREAM] Scanning for architectural drift...
[15:39:54][DREAM] Calibrating vector space geometry...
[15:39:56][DREAM] Calibrating vector space geometry...
[15:40:00][DREAM] Maintaining homeostasis...
[15:40:02][DREAM] Scanning for architectural drift...
[15:40:06][DREAM] Maintaining homeostasis...
[15:40:16][DREAM] System is idle. Awaiting sensory input...
[15:40:24][DREAM] Calibrating vector space geometry...
[15:40:26][DREAM] Scanning for architectural drift...
[15:40:34][DREAM] System is idle. Awaiting sensory input...
[15:40:36][DREAM] Maintaining homeostasis...
[15:40:38][DREAM] Calibrating vector space geometry...
[15:40:52][DREAM] Calibrating vector space geometry...
[15:40:54][DREAM] Maintaining homeostasis...
[15:41:20][DREAM] Calibrating vector space geometry...
[15:41:28][DREAM] Scanning for architectural drift...
[15:41:40][DREAM] Scanning for architectural drift...
[15:41:48][DREAM] Maintaining homeostasis...
[15:41:50][DREAM] Maintaining homeostasis...
[15:41:52][DREAM] Checking 'Scientist' agent availability...
[15:41:58][DREAM] Calibrating vector space geometry...
[15:42:00][DREAM] System is idle. Awaiting sensory input...
[15:42:06][DREAM] Consolidating memory fragments...
[15:42:08][DREAM] Maintaining homeostasis...
[15:42:18][DREAM] Calibrating vector space geometry...
[15:42:28][DREAM] System is idle. Awaiting sensory input...
[15:42:56][DREAM] Maintaining homeostasis...
[15:43:06][DREAM] System is idle. Awaiting sensory input...
[15:43:12][DREAM] Calibrating vector space geometry...
[15:43:16][DREAM] Consolidating memory fragments...
[15:43:24][DREAM] Calibrating vector space geometry...
[15:43:34][DREAM] Calibrating vector space geometry...
[15:43:38][DREAM] System is idle. Awaiting sensory input...
[15:43:42][DREAM] System is idle. Awaiting sensory input...
[15:43:46][DREAM] Consolidating memory fragments...
[15:43:48][DREAM] Consolidating memory fragments...
[15:44:06][DREAM] Maintaining homeostasis...
[15:44:10][DREAM] Consolidating memory fragments...
[15:44:20][DREAM] Scanning for architectural drift...
[15:44:24][DREAM] Scanning for architectural drift...
[15:44:38][DREAM] Checking 'Scientist' agent availability...
[15:44:51][DREAM] System is idle. Awaiting sensory input...
[15:45:01][DREAM] Checking 'Scientist' agent availability...
[15:45:23][DREAM] Scanning for architectural drift...
[15:45:29][DREAM] Scanning for architectural drift...
[15:45:35][DREAM] Consolidating memory fragments...
[15:45:37][DREAM] Consolidating memory fragments...
[15:45:41][DREAM] System is idle. Awaiting sensory input...
[15:45:43][DREAM] Consolidating memory fragments...
[15:45:45][DREAM] Scanning for architectural drift...
[15:45:47][DREAM] Calibrating vector space geometry...
[15:45:59][DREAM] System is idle. Awaiting sensory input...
[15:46:01][DREAM] Maintaining homeostasis...
[15:46:09][DREAM] System is idle. Awaiting sensory input...
[15:46:11][DREAM] Calibrating vector space geometry...
[15:46:13][DREAM] System is idle. Awaiting sensory input...
[15:46:17][DREAM] Consolidating memory fragments...
[15:46:21][DREAM] System is idle. Awaiting sensory input...
[15:46:23][DREAM] System is idle. Awaiting sensory input...
[15:46:29][DREAM] System is idle. Awaiting sensory input...
[15:46:39][DREAM] System is idle. Awaiting sensory input...
[15:46:41][DREAM] Maintaining homeostasis...
[15:46:43][DREAM] Maintaining homeostasis...
[15:46:53][DREAM] Calibrating vector space geometry...
[15:46:57][DREAM] Checking 'Scientist' agent availability...
[15:47:01][DREAM] Maintaining homeostasis...
[15:47:03][DREAM] Consolidating memory fragments...
[15:47:07][DREAM] Calibrating vector space geometry...
[15:47:13][DREAM] System is idle. Awaiting sensory input...
[15:47:23][DREAM] Scanning for architectural drift...
[15:47:33][DREAM] Scanning for architectural drift...
[15:47:55][DREAM] Calibrating vector space geometry...
[15:47:57][DREAM] Maintaining homeostasis...
[15:48:07][DREAM] Calibrating vector space geometry...
[15:48:11][DREAM] System is idle. Awaiting sensory input...
[15:48:17][DREAM] Checking 'Scientist' agent availability...
[15:48:31][DREAM] Maintaining homeostasis...
[15:48:33][DREAM] Calibrating vector space geometry...
[15:48:39][DREAM] Calibrating vector space geometry...
[15:48:41][DREAM] Consolidating memory fragments...
[15:48:47][DREAM] Calibrating vector space geometry...
[15:48:51][DREAM] System is idle. Awaiting sensory input...
[15:48:57][DREAM] Scanning for architectural drift...
[15:48:59][DREAM] System is idle. Awaiting sensory input...
[15:49:03][DREAM] Scanning for architectural drift...
[15:49:11][DREAM] Consolidating memory fragments...
[15:49:19][DREAM] System is idle. Awaiting sensory input...
[15:49:25][DREAM] Scanning for architectural drift...
[15:49:27][DREAM] Calibrating vector space geometry...
[15:49:29][DREAM] Checking 'Scientist' agent availability...
[15:49:47][DREAM] Checking 'Scientist' agent availability...
[15:49:51][DREAM] Consolidating memory fragments...
[15:49:57][DREAM] Consolidating memory fragments...
[15:50:01][DREAM] System is idle. Awaiting sensory input...
[15:50:19][DREAM] Calibrating vector space geometry...
[15:50:25][DREAM] Consolidating memory fragments...
[15:50:33][DREAM] Calibrating vector space geometry...
[15:50:37][DREAM] Maintaining homeostasis...
[15:50:39][DREAM] System is idle. Awaiting sensory input...
[15:50:41][DREAM] Scanning for architectural drift...
[15:50:45][DREAM] System is idle. Awaiting sensory input...
[15:50:47][DREAM] Consolidating memory fragments...
[15:50:53][DREAM] Maintaining homeostasis...
[15:50:59][DREAM] Maintaining homeostasis...
[15:51:01][DREAM] System is idle. Awaiting sensory input...
[15:51:09][DREAM] Maintaining homeostasis...
[15:51:17][DREAM] Consolidating memory fragments...
[15:51:21][DREAM] Checking 'Scientist' agent availability...
[15:51:33][DREAM] Consolidating memory fragments...
[15:51:37][DREAM] Calibrating vector space geometry...
[15:51:41][DREAM] Checking 'Scientist' agent availability...
[15:51:43][DREAM] Consolidating memory fragments...
[15:51:57][DREAM] Consolidating memory fragments...
[15:51:59][DREAM] System is idle. Awaiting sensory input...
[15:52:01][DREAM] Calibrating vector space geometry...
[15:52:03][DREAM] System is idle. Awaiting sensory input...
[15:52:05][DREAM] Checking 'Scientist' agent availability...
[15:52:19][DREAM] System is idle. Awaiting sensory input...
[15:52:29][DREAM] Calibrating vector space geometry...
[15:52:37][DREAM] Checking 'Scientist' agent availability...
[15:52:55][DREAM] Scanning for architectural drift...
[15:52:57][DREAM] Maintaining homeostasis...
[15:53:07][DREAM] Maintaining homeostasis...
[15:53:09][DREAM] Calibrating vector space geometry...
[15:53:11][DREAM] System is idle. Awaiting sensory input...
[15:53:15][DREAM] Scanning for architectural drift...
[15:53:21][DREAM] System is idle. Awaiting sensory input...
[15:53:35][DREAM] Consolidating memory fragments...
[15:53:47][DREAM] Scanning for architectural drift...
[15:53:49][DREAM] Scanning for architectural drift...
[15:53:55][DREAM] Scanning for architectural drift...
[15:53:57][DREAM] Consolidating memory fragments...
[15:54:01][DREAM] Consolidating memory fragments...
[15:54:03][DREAM] Checking 'Scientist' agent availability...
[15:54:13][DREAM] Checking 'Scientist' agent availability...
[15:54:27][DREAM] Maintaining homeostasis...
[15:54:29][DREAM] Scanning for architectural drift...
[15:54:47][DREAM] Calibrating vector space geometry...
[15:54:55][DREAM] System is idle. Awaiting sensory input...
[15:54:57][DREAM] Checking 'Scientist' agent availability...
[15:55:01][DREAM] Scanning for architectural drift...
[15:55:05][DREAM] Maintaining homeostasis...
[15:55:15][DREAM] Calibrating vector space geometry...
[15:55:17][DREAM] Checking 'Scientist' agent availability...
[15:55:23][DREAM] Calibrating vector space geometry...
[15:55:29][DREAM] Scanning for architectural drift...
[15:55:49][DREAM] Maintaining homeostasis...
[15:56:04][DREAM] Scanning for architectural drift...
[15:56:12][DREAM] System is idle. Awaiting sensory input...
[15:56:14][DREAM] Checking 'Scientist' agent availability...
[15:56:20][DREAM] Scanning for architectural drift...
[15:56:26][DREAM] Maintaining homeostasis...
[15:56:28][DREAM] Consolidating memory fragments...
[15:56:34][DREAM] System is idle. Awaiting sensory input...
[15:56:48][DREAM] Consolidating memory fragments...
[15:56:50][DREAM] Checking 'Scientist' agent availability...
[15:56:52][DREAM] Consolidating memory fragments...
[15:57:00][DREAM] Consolidating memory fragments...
[15:57:02][DREAM] System is idle. Awaiting sensory input...
[15:57:24][DREAM] System is idle. Awaiting sensory input...
[15:57:38][DREAM] Scanning for architectural drift...
[15:57:44][DREAM] System is idle. Awaiting sensory input...
[15:57:46][DREAM] Scanning for architectural drift...
[15:57:54][DREAM] Calibrating vector space geometry...
[15:58:00][DREAM] Calibrating vector space geometry...
[15:58:02][DREAM] Scanning for architectural drift...
[15:58:24][DREAM] Consolidating memory fragments...
[15:58:26][DREAM] Scanning for architectural drift...
[15:58:28][DREAM] Checking 'Scientist' agent availability...
[15:58:34][DREAM] Checking 'Scientist' agent availability...
[15:58:38][DREAM] System is idle. Awaiting sensory input...
[15:58:48][DREAM] System is idle. Awaiting sensory input...
[15:58:50][DREAM] Checking 'Scientist' agent availability...
[15:58:58][DREAM] Consolidating memory fragments...
[15:59:00][DREAM] Checking 'Scientist' agent availability...
[15:59:02][DREAM] System is idle. Awaiting sensory input...
[15:59:06][DREAM] Scanning for architectural drift...
[15:59:10][DREAM] Calibrating vector space geometry...
[15:59:14][DREAM] System is idle. Awaiting sensory input...
[15:59:24][DREAM] Consolidating memory fragments...
[15:59:34][DREAM] Calibrating vector space geometry...
[15:59:38][DREAM] Scanning for architectural drift...
[15:59:48][DREAM] Consolidating memory fragments...
[15:59:52][DREAM] Scanning for architectural drift...
[15:59:54][DREAM] Scanning for architectural drift...
[15:59:56][DREAM] Calibrating vector space geometry...
[16:00:00][DREAM] Calibrating vector space geometry...
[16:00:02][DREAM] Consolidating memory fragments...
[16:00:12][DREAM] Consolidating memory fragments...
[16:00:14][DREAM] Maintaining homeostasis...
[16:00:26][DREAM] Calibrating vector space geometry...
[16:00:36][DREAM] Checking 'Scientist' agent availability...
[16:00:40][DREAM] Consolidating memory fragments...
[16:00:48][DREAM] System is idle. Awaiting sensory input...
[16:00:50][DREAM] Checking 'Scientist' agent availability...
[16:00:54][DREAM] Maintaining homeostasis...
[16:00:56][DREAM] Consolidating memory fragments...
[16:01:00][DREAM] Checking 'Scientist' agent availability...
[16:01:06][DREAM] Calibrating vector space geometry...
[16:01:08][DREAM] Consolidating memory fragments...
[16:01:10][DREAM] System is idle. Awaiting sensory input...
[16:01:12][DREAM] Checking 'Scientist' agent availability...
[16:01:14][DREAM] Consolidating memory fragments...
[16:01:16][DREAM] System is idle. Awaiting sensory input...
[16:01:20][DREAM] Scanning for architectural drift...
[16:01:26][DREAM] System is idle. Awaiting sensory input...
[16:01:30][DREAM] Maintaining homeostasis...
[16:01:32][DREAM] Scanning for architectural drift...
[16:01:48][DREAM] Calibrating vector space geometry...
[16:01:54][DREAM] System is idle. Awaiting sensory input...
[16:01:56][DREAM] Checking 'Scientist' agent availability...
[16:01:58][DREAM] Checking 'Scientist' agent availability...
[16:02:00][DREAM] Maintaining homeostasis...
[16:02:04][DREAM] Checking 'Scientist' agent availability...
[16:02:24][DREAM] System is idle. Awaiting sensory input...
[16:02:34][DREAM] System is idle. Awaiting sensory input...
[16:02:50][DREAM] Calibrating vector space geometry...
[16:02:54][DREAM] Scanning for architectural drift...
[16:02:58][DREAM] Checking 'Scientist' agent availability...
[16:03:04][DREAM] Calibrating vector space geometry...
[16:03:14][DREAM] Consolidating memory fragments...
[16:03:20][DREAM] Checking 'Scientist' agent availability...
[16:03:34][DREAM] System is idle. Awaiting sensory input...
[16:03:42][DREAM] Consolidating memory fragments...
[16:03:54][DREAM] Maintaining homeostasis...
[16:04:00][DREAM] Checking 'Scientist' agent availability...
[16:04:16][DREAM] System is idle. Awaiting sensory input...
[16:04:30][DREAM] Checking 'Scientist' agent availability...
[16:04:32][DREAM] Calibrating vector space geometry...
[16:05:02][DREAM] Consolidating memory fragments...
[16:05:06][DREAM] Scanning for architectural drift...
[16:05:10][DREAM] Checking 'Scientist' agent availability...
[16:05:18][DREAM] Maintaining homeostasis...
[16:05:22][DREAM] Calibrating vector space geometry...
[16:05:42][DREAM] Calibrating vector space geometry...
[16:05:52][DREAM] Maintaining homeostasis...
[16:05:56][DREAM] Maintaining homeostasis...
[16:06:02][DREAM] System is idle. Awaiting sensory input...
[16:06:14][DREAM] Calibrating vector space geometry...
[16:06:18][DREAM] Consolidating memory fragments...
[16:06:22][DREAM] Scanning for architectural drift...
[16:06:24][DREAM] Scanning for architectural drift...
[16:06:28][DREAM] Scanning for architectural drift...
[16:06:32][DREAM] Consolidating memory fragments...
[16:06:36][DREAM] Maintaining homeostasis...
[16:06:40][DREAM] Scanning for architectural drift...
[16:06:48][DREAM] Scanning for architectural drift...
[16:06:50][DREAM] Scanning for architectural drift...
[16:07:12][DREAM] Consolidating memory fragments...
[16:07:14][DREAM] Consolidating memory fragments...
[16:07:28][DREAM] Checking 'Scientist' agent availability...
[16:07:34][DREAM] Calibrating vector space geometry...
[16:07:38][DREAM] Consolidating memory fragments...
[16:07:45][DREAM] System is idle. Awaiting sensory input...
[16:07:47][DREAM] Consolidating memory fragments...
[16:07:51][DREAM] Scanning for architectural drift...
[16:07:55][DREAM] Maintaining homeostasis...
[16:08:01][DREAM] Checking 'Scientist' agent availability...
[16:08:19][DREAM] Consolidating memory fragments...
[16:08:27][DREAM] Scanning for architectural drift...
[16:08:33][DREAM] Scanning for architectural drift...
[16:08:35][DREAM] Consolidating memory fragments...
[16:08:41][DREAM] Scanning for architectural drift...
[16:08:47][DREAM] Calibrating vector space geometry...
[16:09:11][DREAM] System is idle. Awaiting sensory input...
[16:09:17][DREAM] System is idle. Awaiting sensory input...
[16:09:29][DREAM] Consolidating memory fragments...
[16:09:37][DREAM] Scanning for architectural drift...
[16:09:39][DREAM] Calibrating vector space geometry...
[16:09:53][DREAM] Checking 'Scientist' agent availability...
[16:09:55][DREAM] Calibrating vector space geometry...
[16:10:03][DREAM] Calibrating vector space geometry...
[16:10:09][DREAM] Calibrating vector space geometry...
[16:10:13][DREAM] Calibrating vector space geometry...
[16:10:21][DREAM] Consolidating memory fragments...
[16:10:33][DREAM] Consolidating memory fragments...
[16:10:35][DREAM] Checking 'Scientist' agent availability...
[16:10:39][DREAM] Consolidating memory fragments...
[16:10:43][DREAM] Calibrating vector space geometry...
[16:10:45][DREAM] Scanning for architectural drift...
[16:10:47][DREAM] Consolidating memory fragments...
[16:10:49][DREAM] Consolidating memory fragments...
[16:10:57][DREAM] Scanning for architectural drift...
[16:11:05][DREAM] System is idle. Awaiting sensory input...
[16:11:29][DREAM] Maintaining homeostasis...
[16:11:53][DREAM] Scanning for architectural drift...
[16:11:59][DREAM] Maintaining homeostasis...
[16:12:05][DREAM] System is idle. Awaiting sensory input...
[16:12:07][DREAM] Consolidating memory fragments...
[16:12:11][DREAM] Consolidating memory fragments...
[16:12:19][DREAM] System is idle. Awaiting sensory input...
[16:12:21][DREAM] Checking 'Scientist' agent availability...
[16:12:25][DREAM] Checking 'Scientist' agent availability...
[16:12:49][DREAM] System is idle. Awaiting sensory input...
[16:12:51][DREAM] Consolidating memory fragments...
[16:12:53][DREAM] Maintaining homeostasis...
[16:12:57][DREAM] Checking 'Scientist' agent availability...
[16:13:11][DREAM] Calibrating vector space geometry...
[16:13:13][DREAM] Calibrating vector space geometry...
[16:13:21][DREAM] Calibrating vector space geometry...
[16:13:27][DREAM] Calibrating vector space geometry...
[16:13:31][DREAM] Maintaining homeostasis...
[16:13:33][DREAM] Calibrating vector space geometry...
[16:13:35][DREAM] Scanning for architectural drift...
[16:13:43][DREAM] Calibrating vector space geometry...
[16:13:45][DREAM] System is idle. Awaiting sensory input...
[16:13:47][DREAM] Scanning for architectural drift...
[16:14:03][DREAM] Calibrating vector space geometry...
[16:14:05][DREAM] System is idle. Awaiting sensory input...
[16:14:09][DREAM] Consolidating memory fragments...
[16:14:11][DREAM] Scanning for architectural drift...
[16:14:13][DREAM] Calibrating vector space geometry...
[16:14:27][DREAM] Consolidating memory fragments...
[16:14:35][DREAM] Scanning for architectural drift...
[16:14:37][DREAM] System is idle. Awaiting sensory input...
[16:14:51][DREAM] System is idle. Awaiting sensory input...
[16:14:53][DREAM] Scanning for architectural drift...
[16:14:55][DREAM] Consolidating memory fragments...
[16:15:03][DREAM] System is idle. Awaiting sensory input...
[16:15:13][DREAM] Maintaining homeostasis...
[16:15:15][DREAM] Calibrating vector space geometry...
[16:15:27][DREAM] Calibrating vector space geometry...
[16:15:35][DREAM] Consolidating memory fragments...
[16:15:39][DREAM] Checking 'Scientist' agent availability...
[16:15:41][DREAM] System is idle. Awaiting sensory input...
[16:15:43][DREAM] System is idle. Awaiting sensory input...
[16:15:49][DREAM] Scanning for architectural drift...
[16:16:05][DREAM] Consolidating memory fragments...
[16:16:07][DREAM] Consolidating memory fragments...
[16:16:09][DREAM] Checking 'Scientist' agent availability...
[16:16:11][DREAM] Calibrating vector space geometry...
[16:16:13][DREAM] Checking 'Scientist' agent availability...
[16:16:21][DREAM] Calibrating vector space geometry...
[16:16:31][DREAM] Checking 'Scientist' agent availability...
[16:16:41][DREAM] Calibrating vector space geometry...
[16:16:43][DREAM] Scanning for architectural drift...
[16:16:49][DREAM] Checking 'Scientist' agent availability...
[16:16:51][DREAM] Consolidating memory fragments...
[16:17:01][DREAM] Consolidating memory fragments...
[16:17:03][DREAM] Calibrating vector space geometry...
[16:17:09][DREAM] Consolidating memory fragments...
[16:17:15][DREAM] System is idle. Awaiting sensory input...
[16:17:17][DREAM] Scanning for architectural drift...
[16:17:21][DREAM] Scanning for architectural drift...
[16:17:27][DREAM] Scanning for architectural drift...
[16:17:29][DREAM] Scanning for architectural drift...
[16:17:41][DREAM] Consolidating memory fragments...
[16:17:45][DREAM] System is idle. Awaiting sensory input...
[16:17:51][DREAM] Checking 'Scientist' agent availability...
[16:17:53][DREAM] System is idle. Awaiting sensory input...
[16:18:03][DREAM] Consolidating memory fragments...
[16:18:05][DREAM] Consolidating memory fragments...
[16:18:09][DREAM] System is idle. Awaiting sensory input...
[16:18:15][DREAM] System is idle. Awaiting sensory input...
[16:18:17][DREAM] Maintaining homeostasis...
[16:18:23][DREAM] Scanning for architectural drift...
[16:18:39][DREAM] Consolidating memory fragments...
[16:18:43][DREAM] Calibrating vector space geometry...
[16:19:01][DREAM] Scanning for architectural drift...
[16:19:03][DREAM] Checking 'Scientist' agent availability...
[16:19:05][DREAM] Calibrating vector space geometry...
[16:19:09][DREAM] Maintaining homeostasis...
[16:19:15][DREAM] Calibrating vector space geometry...
[16:19:35][DREAM] Checking 'Scientist' agent availability...
[16:19:37][DREAM] Consolidating memory fragments...
[16:19:39][DREAM] Scanning for architectural drift...
[16:19:45][DREAM] Scanning for architectural drift...
[16:19:58][DREAM] Scanning for architectural drift...
[16:20:04][DREAM] Checking 'Scientist' agent availability...
[16:20:06][DREAM] Checking 'Scientist' agent availability...
[16:20:10][DREAM] Scanning for architectural drift...
[16:20:26][DREAM] Calibrating vector space geometry...
[16:20:28][DREAM] Checking 'Scientist' agent availability...
[16:20:38][DREAM] System is idle. Awaiting sensory input...
[16:20:40][DREAM] Calibrating vector space geometry...
[16:20:44][DREAM] Calibrating vector space geometry...
[16:20:48][DREAM] Consolidating memory fragments...
[16:20:58][DREAM] Calibrating vector space geometry...
[16:21:00][DREAM] Checking 'Scientist' agent availability...
[16:21:04][DREAM] Maintaining homeostasis...
[16:21:08][DREAM] Consolidating memory fragments...
[16:21:12][DREAM] Maintaining homeostasis...
[16:21:14][DREAM] Checking 'Scientist' agent availability...
[16:21:18][DREAM] Calibrating vector space geometry...
[16:21:44][DREAM] Calibrating vector space geometry...
[16:21:48][DREAM] Scanning for architectural drift...
[16:21:56][DREAM] Consolidating memory fragments...
[16:21:58][DREAM] System is idle. Awaiting sensory input...
[16:22:02][DREAM] Checking 'Scientist' agent availability...
[16:22:06][DREAM] Maintaining homeostasis...
[16:22:20][DREAM] Maintaining homeostasis...
[16:22:22][DREAM] Scanning for architectural drift...
[16:22:34][DREAM] Checking 'Scientist' agent availability...
[16:22:42][DREAM] Calibrating vector space geometry...
[16:22:44][DREAM] Scanning for architectural drift...
[16:23:06][DREAM] System is idle. Awaiting sensory input...
[16:23:10][DREAM] Maintaining homeostasis...
[16:23:14][DREAM] Checking 'Scientist' agent availability...
[16:23:22][DREAM] System is idle. Awaiting sensory input...
[16:23:24][DREAM] Calibrating vector space geometry...
[16:23:26][DREAM] Consolidating memory fragments...
[16:23:32][DREAM] Consolidating memory fragments...
[16:23:38][DREAM] Consolidating memory fragments...
[16:23:42][DREAM] Checking 'Scientist' agent availability...
[16:23:46][DREAM] Scanning for architectural drift...
[16:23:52][DREAM] Maintaining homeostasis...
[16:23:54][DREAM] Maintaining homeostasis...
[16:24:10][DREAM] Consolidating memory fragments...
[16:24:18][DREAM] Calibrating vector space geometry...
[16:24:22][DREAM] Maintaining homeostasis...
[16:24:26][DREAM] Maintaining homeostasis...
[16:24:28][DREAM] System is idle. Awaiting sensory input...
[16:24:44][DREAM] Calibrating vector space geometry...
[16:24:50][DREAM] System is idle. Awaiting sensory input...
[16:24:56][DREAM] System is idle. Awaiting sensory input...
[16:24:58][DREAM] Maintaining homeostasis...
[16:25:06][DREAM] Maintaining homeostasis...
[16:25:26][DREAM] Scanning for architectural drift...
[16:25:28][DREAM] Calibrating vector space geometry...
[16:25:36][DREAM] Checking 'Scientist' agent availability...
[16:25:38][DREAM] System is idle. Awaiting sensory input...
[16:25:44][DREAM] Checking 'Scientist' agent availability...
[16:25:48][DREAM] Consolidating memory fragments...
[16:26:36][DREAM] Consolidating memory fragments...
[16:26:38][DREAM] Checking 'Scientist' agent availability...
[16:26:42][DREAM] Checking 'Scientist' agent availability...
[16:26:44][DREAM] Calibrating vector space geometry...
[16:26:50][DREAM] Consolidating memory fragments...
[16:26:56][DREAM] Checking 'Scientist' agent availability...
[16:27:00][DREAM] Maintaining homeostasis...
[16:27:08][DREAM] Maintaining homeostasis...
[16:27:10][DREAM] System is idle. Awaiting sensory input...
[16:27:22][DREAM] Maintaining homeostasis...
[16:27:34][DREAM] Calibrating vector space geometry...
[16:27:58][DREAM] Checking 'Scientist' agent availability...
[16:28:08][DREAM] Consolidating memory fragments...
[16:28:12][DREAM] Consolidating memory fragments...
[16:28:14][DREAM] Checking 'Scientist' agent availability...
[16:28:26][DREAM] Calibrating vector space geometry...
[16:28:32][DREAM] Calibrating vector space geometry...
[16:28:36][DREAM] Checking 'Scientist' agent availability...
[16:28:40][DREAM] Maintaining homeostasis...
[16:28:42][DREAM] Maintaining homeostasis...
[16:28:44][DREAM] System is idle. Awaiting sensory input...
[16:28:50][DREAM] System is idle. Awaiting sensory input...
[16:28:56][DREAM] Checking 'Scientist' agent availability...
[16:28:58][DREAM] Consolidating memory fragments...
[16:29:00][DREAM] Maintaining homeostasis...
[16:29:02][DREAM] Maintaining homeostasis...
[16:29:10][DREAM] Consolidating memory fragments...
[16:29:16][DREAM] Scanning for architectural drift...
[16:29:18][DREAM] Consolidating memory fragments...
[16:29:24][DREAM] Scanning for architectural drift...
[16:29:32][DREAM] Maintaining homeostasis...
[16:29:36][DREAM] Scanning for architectural drift...
[16:29:40][DREAM] Maintaining homeostasis...
[16:29:50][DREAM] Checking 'Scientist' agent availability...
[16:30:02][DREAM] Scanning for architectural drift...
[16:30:04][DREAM] Calibrating vector space geometry...
[16:30:10][DREAM] Maintaining homeostasis...
[16:30:14][DREAM] Calibrating vector space geometry...
[16:30:16][DREAM] Calibrating vector space geometry...
[16:30:20][DREAM] Calibrating vector space geometry...
[16:30:22][DREAM] System is idle. Awaiting sensory input...
[16:30:24][DREAM] Scanning for architectural drift...
[16:30:30][DREAM] System is idle. Awaiting sensory input...
[16:30:36][DREAM] Scanning for architectural drift...
[16:30:50][DREAM] Scanning for architectural drift...
[16:31:02][DREAM] System is idle. Awaiting sensory input...
[16:31:14][DREAM] Checking 'Scientist' agent availability...
[16:31:19][DREAM] Scanning for architectural drift...
[16:31:21][DREAM] Maintaining homeostasis...
[16:31:25][DREAM] Checking 'Scientist' agent availability...
[16:31:31][DREAM] Maintaining homeostasis...
[16:31:33][DREAM] Checking 'Scientist' agent availability...
[16:31:47][DREAM] Maintaining homeostasis...
[16:32:07][DREAM] Maintaining homeostasis...
[16:32:09][DREAM] Maintaining homeostasis...
[16:32:11][DREAM] System is idle. Awaiting sensory input...
[16:32:13][DREAM] Checking 'Scientist' agent availability...
[16:32:15][DREAM] Checking 'Scientist' agent availability...
[16:32:19][DREAM] Maintaining homeostasis...
[16:32:27][DREAM] Checking 'Scientist' agent availability...
[16:32:29][DREAM] Calibrating vector space geometry...
[16:32:33][DREAM] Scanning for architectural drift...
[16:32:35][DREAM] Maintaining homeostasis...
[16:32:39][DREAM] System is idle. Awaiting sensory input...
[16:32:43][DREAM] Checking 'Scientist' agent availability...
[16:32:45][DREAM] Consolidating memory fragments...
[16:32:55][DREAM] System is idle. Awaiting sensory input...
[16:32:57][DREAM] Consolidating memory fragments...
[16:33:01][DREAM] Checking 'Scientist' agent availability...
[16:33:15][DREAM] Consolidating memory fragments...
[16:33:45][DREAM] Calibrating vector space geometry...
[16:33:49][DREAM] Scanning for architectural drift...
[16:33:55][DREAM] Scanning for architectural drift...
[16:34:01][DREAM] Checking 'Scientist' agent availability...
[16:34:03][DREAM] Checking 'Scientist' agent availability...
[16:34:13][DREAM] Scanning for architectural drift...
[16:34:19][DREAM] Maintaining homeostasis...
[16:34:23][DREAM] Consolidating memory fragments...
[16:34:29][DREAM] System is idle. Awaiting sensory input...
[16:34:53][DREAM] Calibrating vector space geometry...
[16:34:55][DREAM] Checking 'Scientist' agent availability...
[16:35:09][DREAM] Maintaining homeostasis...
[16:35:11][DREAM] Maintaining homeostasis...
[16:35:13][DREAM] Scanning for architectural drift...
[16:35:23][DREAM] System is idle. Awaiting sensory input...
[16:35:25][DREAM] Consolidating memory fragments...
[16:35:29][DREAM] Consolidating memory fragments...
[16:35:31][DREAM] Maintaining homeostasis...
[16:36:05][DREAM] Consolidating memory fragments...
[16:36:09][DREAM] Calibrating vector space geometry...
[16:36:17][DREAM] Consolidating memory fragments...
[16:36:33][DREAM] Scanning for architectural drift...
[16:36:39][DREAM] Scanning for architectural drift...
[16:36:45][DREAM] Scanning for architectural drift...
[16:36:47][DREAM] System is idle. Awaiting sensory input...
[16:36:49][DREAM] Checking 'Scientist' agent availability...
[16:36:51][DREAM] Checking 'Scientist' agent availability...
[16:36:53][ALERT] Processing 1 tasks...
[16:36:55][ALERT] Processing 1 tasks...
[16:36:57][ALERT] Processing 1 tasks...
[16:36:59][ALERT] Processing 1 tasks...
[16:37:01][ALERT] Processing 2 tasks...
[16:37:03][ALERT] Processing 2 tasks...
[16:37:05][ALERT] Processing 2 tasks...
[16:37:07][ALERT] Processing 2 tasks...
[16:37:09][ALERT] Processing 2 tasks...
[16:37:11][ALERT] Processing 2 tasks...
[16:37:13][ALERT] Processing 2 tasks...
[16:37:15][ALERT] Processing 2 tasks...
[16:37:17][ALERT] Processing 2 tasks...
[16:37:19][ALERT] Processing 2 tasks...
[16:37:21][ALERT] Processing 2 tasks...
[16:37:23][ALERT] Processing 2 tasks...
[16:37:25][ALERT] Processing 2 tasks...
[16:37:27][ALERT] Processing 2 tasks...
[16:37:29][ALERT] Processing 2 tasks...
[16:37:31][ALERT] Processing 2 tasks...
[16:37:33][ALERT] Processing 2 tasks...
[16:37:35][ALERT] Processing 2 tasks...
[16:37:37][ALERT] Processing 2 tasks...
[16:37:39][ALERT] Processing 2 tasks...
[16:37:41][ALERT] Processing 2 tasks...
[16:37:43][ALERT] Processing 2 tasks...
[16:37:45][ALERT] Processing 2 tasks...
[16:37:47][ALERT] Processing 2 tasks...
[16:37:49][ALERT] Processing 2 tasks...
[16:37:51][ALERT] Processing 2 tasks...
[16:37:53][ALERT] Processing 2 tasks...
[16:37:55][ALERT] Processing 2 tasks...
[16:37:57][ALERT] Processing 2 tasks...
[16:37:59][ALERT] Processing 2 tasks...
[16:38:01][ALERT] Processing 2 tasks...
[16:38:03][ALERT] Processing 2 tasks...
[16:38:05][ALERT] Processing 2 tasks...
[16:38:07][ALERT] Processing 2 tasks...
[16:38:09][ALERT] Processing 2 tasks...
[16:38:11][ALERT] Processing 2 tasks...
[16:38:13][ALERT] Processing 2 tasks...
[16:38:15][ALERT] Processing 2 tasks...
[16:38:17][ALERT] Processing 2 tasks...
[16:38:19][ALERT] Processing 2 tasks...
[16:38:21][ALERT] Processing 2 tasks...
[16:38:23][ALERT] Processing 2 tasks...
[16:38:25][ALERT] Processing 2 tasks...
[16:38:27][ALERT] Processing 2 tasks...
[16:38:29][ALERT] Processing 2 tasks...
[16:38:31][ALERT] Processing 2 tasks...
[16:38:33][ALERT] Processing 2 tasks...
[16:38:35][ALERT] Processing 2 tasks...
[16:38:37][ALERT] Processing 2 tasks...
[16:38:39][ALERT] Processing 2 tasks...
[16:38:41][ALERT] Processing 2 tasks...
[16:38:43][ALERT] Processing 2 tasks...
[16:38:45][ALERT] Processing 2 tasks...
[16:38:47][ALERT] Processing 2 tasks...
[16:38:49][ALERT] Processing 2 tasks...
[16:38:51][ALERT] Processing 2 tasks...
[16:38:53][ALERT] Processing 2 tasks...
[16:38:55][ALERT] Processing 2 tasks...
[16:38:57][ALERT] Processing 2 tasks...
[16:38:59][ALERT] Processing 2 tasks...
[16:39:01][ALERT] Processing 2 tasks...
[16:39:03][ALERT] Processing 2 tasks...
[16:39:05][ALERT] Processing 2 tasks...
[16:39:07][ALERT] Processing 2 tasks...
[16:39:09][ALERT] Processing 2 tasks...
[16:39:11][ALERT] Processing 2 tasks...
[16:39:13][ALERT] Processing 2 tasks...
[16:39:15][ALERT] Processing 2 tasks...
[16:39:17][ALERT] Processing 2 tasks...
[16:39:19][ALERT] Processing 2 tasks...
[16:39:21][ALERT] Processing 2 tasks...
[16:39:23][ALERT] Processing 2 tasks...
[16:39:25][ALERT] Processing 2 tasks...
[16:39:27][ALERT] Processing 2 tasks...
[16:39:29][ALERT] Processing 2 tasks...
[16:39:31][ALERT] Processing 2 tasks...
[16:39:33][ALERT] Processing 2 tasks...
[16:39:35][ALERT] Processing 2 tasks...
[16:39:37][ALERT] Processing 2 tasks...
[16:39:39][ALERT] Processing 2 tasks...
[16:39:41][ALERT] Processing 2 tasks...
[16:39:43][ALERT] Processing 2 tasks...
[16:39:45][ALERT] Processing 2 tasks...
[16:39:47][ALERT] Processing 2 tasks...
[16:39:49][ALERT] Processing 2 tasks...
[16:39:51][ALERT] Processing 2 tasks...
[16:39:53][ALERT] Processing 2 tasks...
[16:39:55][ALERT] Processing 2 tasks...
[16:39:57][ALERT] Processing 2 tasks...
[16:39:59][ALERT] Processing 2 tasks...
[16:40:01][ALERT] Processing 2 tasks...
[16:40:03][ALERT] Processing 2 tasks...
[16:40:05][ALERT] Processing 2 tasks...
[16:40:07][ALERT] Processing 2 tasks...
[16:40:09][ALERT] Processing 2 tasks...
[16:40:11][ALERT] Processing 2 tasks...
[16:40:13][ALERT] Processing 2 tasks...
[16:40:15][ALERT] Processing 2 tasks...
[16:40:17][ALERT] Processing 2 tasks...
[16:40:19][ALERT] Processing 2 tasks...
[16:40:21][ALERT] Processing 2 tasks...
[16:40:23][ALERT] Processing 2 tasks...
[16:40:25][ALERT] Processing 2 tasks...
[16:40:27][ALERT] Processing 2 tasks...
[16:40:29][ALERT] Processing 2 tasks...
[16:40:31][ALERT] Processing 2 tasks...
[16:40:33][ALERT] Processing 2 tasks...
[16:40:35][ALERT] Processing 2 tasks...
[16:40:37][ALERT] Processing 2 tasks...
[16:40:39][ALERT] Processing 2 tasks...
[16:40:41][ALERT] Processing 2 tasks...
[16:40:43][ALERT] Processing 2 tasks...
[16:40:45][ALERT] Processing 2 tasks...
[16:40:47][ALERT] Processing 2 tasks...
[16:40:49][ALERT] Processing 2 tasks...
[16:40:51][ALERT] Processing 2 tasks...
[16:40:53][ALERT] Processing 2 tasks...
[16:40:55][ALERT] Processing 2 tasks...
[16:40:57][ALERT] Processing 2 tasks...
[16:40:59][ALERT] Processing 2 tasks...
[16:41:01][ALERT] Processing 2 tasks...
[16:41:03][ALERT] Processing 2 tasks...
[16:41:05][ALERT] Processing 2 tasks...
[16:41:07][ALERT] Processing 2 tasks...
[16:41:09][ALERT] Processing 2 tasks...
[16:41:11][ALERT] Processing 2 tasks...
[16:41:13][ALERT] Processing 2 tasks...
[16:41:15][ALERT] Processing 2 tasks...
[16:41:17][ALERT] Processing 2 tasks...
[16:41:19][ALERT] Processing 2 tasks...
[16:41:21][ALERT] Processing 2 tasks...
[16:41:23][ALERT] Processing 2 tasks...
[16:41:25][ALERT] Processing 2 tasks...
[16:41:27][ALERT] Processing 2 tasks...
[16:41:29][ALERT] Processing 2 tasks...
[16:41:31][ALERT] Processing 2 tasks...
[16:41:33][ALERT] Processing 2 tasks...
[16:41:35][ALERT] Processing 2 tasks...
[16:41:37][ALERT] Processing 2 tasks...
[16:41:39][ALERT] Processing 2 tasks...
[16:41:41][ALERT] Processing 2 tasks...
[16:41:43][ALERT] Processing 2 tasks...
[16:41:45][ALERT] Processing 2 tasks...
[16:41:47][ALERT] Processing 2 tasks...
[16:41:49][ALERT] Processing 2 tasks...
[16:41:51][ALERT] Processing 2 tasks...
[16:41:53][ALERT] Processing 2 tasks...
[16:41:55][ALERT] Processing 2 tasks...
[16:41:57][ALERT] Processing 2 tasks...
[16:41:59][ALERT] Processing 2 tasks...
[16:42:01][ALERT] Processing 2 tasks...
[16:42:03][ALERT] Processing 2 tasks...
[16:42:05][ALERT] Processing 2 tasks...
[16:42:07][ALERT] Processing 2 tasks...
[16:42:09][ALERT] Processing 2 tasks...
[16:42:11][ALERT] Processing 2 tasks...
[16:42:13][ALERT] Processing 2 tasks...
[16:42:15][ALERT] Processing 2 tasks...
[16:42:17][ALERT] Processing 2 tasks...
[16:42:19][ALERT] Processing 2 tasks...
[16:42:21][ALERT] Processing 2 tasks...
[16:42:23][ALERT] Processing 2 tasks...
[16:42:25][ALERT] Processing 2 tasks...
[16:42:27][ALERT] Processing 2 tasks...
[16:42:29][ALERT] Processing 2 tasks...
[16:42:31][ALERT] Processing 2 tasks...
[16:42:33][ALERT] Processing 2 tasks...
[16:42:35][ALERT] Processing 2 tasks...
[16:42:37][ALERT] Processing 2 tasks...
[16:42:39][ALERT] Processing 2 tasks...
[16:42:41][ALERT] Processing 2 tasks...
[16:42:43][ALERT] Processing 2 tasks...
[16:42:46][ALERT] Processing 2 tasks...
[16:42:48][ALERT] Processing 2 tasks...
[16:42:50][ALERT] Processing 2 tasks...
[16:42:52][ALERT] Processing 2 tasks...
[16:42:54][ALERT] Processing 2 tasks...
[16:42:56][ALERT] Processing 2 tasks...
[16:42:58][ALERT] Processing 2 tasks...
[16:43:00][ALERT] Processing 2 tasks...
[16:43:02][ALERT] Processing 2 tasks...
[16:43:04][ALERT] Processing 2 tasks...
[16:43:06][ALERT] Processing 2 tasks...
[16:43:08][ALERT] Processing 2 tasks...
[16:43:10][ALERT] Processing 2 tasks...
[16:43:12][ALERT] Processing 2 tasks...
[16:43:14][ALERT] Processing 2 tasks...
[16:43:16][ALERT] Processing 2 tasks...
[16:43:18][ALERT] Processing 2 tasks...
[16:43:20][ALERT] Processing 2 tasks...
[16:43:22][ALERT] Processing 2 tasks...
[16:43:24][ALERT] Processing 2 tasks...
[16:43:26][ALERT] Processing 2 tasks...
[16:43:28][ALERT] Processing 2 tasks...
[16:43:30][ALERT] Processing 2 tasks...
[16:43:32][ALERT] Processing 2 tasks...
[16:43:34][ALERT] Processing 2 tasks...
[16:43:36][ALERT] Processing 2 tasks...
[16:43:38][ALERT] Processing 2 tasks...
[16:43:40][ALERT] Processing 2 tasks...
[16:43:42][ALERT] Processing 2 tasks...
[16:43:44][ALERT] Processing 2 tasks...
[16:43:46][ALERT] Processing 2 tasks...
[16:43:48][ALERT] Processing 2 tasks...
[16:43:50][ALERT] Processing 2 tasks...
[16:43:52][ALERT] Processing 2 tasks...
[16:43:54][ALERT] Processing 2 tasks...
[16:43:56][ALERT] Processing 2 tasks...
[16:43:58][ALERT] Processing 2 tasks...
[16:44:00][ALERT] Processing 2 tasks...
[16:44:02][ALERT] Processing 2 tasks...
[16:44:04][ALERT] Processing 2 tasks...
[16:44:06][ALERT] Processing 2 tasks...
[16:44:08][ALERT] Processing 2 tasks...
[16:44:10][ALERT] Processing 2 tasks...
[16:44:12][ALERT] Processing 2 tasks...
[16:44:14][ALERT] Processing 2 tasks...
[16:44:16][ALERT] Processing 2 tasks...
[16:44:18][ALERT] Processing 2 tasks...
[16:44:20][ALERT] Processing 2 tasks...
[16:44:22][ALERT] Processing 2 tasks...
[16:44:24][ALERT] Processing 2 tasks...
[16:44:26][ALERT] Processing 2 tasks...
[16:44:28][ALERT] Processing 2 tasks...
[16:44:30][ALERT] Processing 2 tasks...
[16:44:32][ALERT] Processing 2 tasks...
[16:44:34][ALERT] Processing 2 tasks...
[16:44:36][ALERT] Processing 2 tasks...
[16:44:38][ALERT] Processing 2 tasks...
[16:44:40][ALERT] Processing 2 tasks...
[16:44:42][ALERT] Processing 2 tasks...
[16:44:44][ALERT] Processing 2 tasks...
[16:44:46][ALERT] Processing 2 tasks...
[16:44:48][ALERT] Processing 2 tasks...
[16:44:50][ALERT] Processing 2 tasks...
[16:44:52][ALERT] Processing 2 tasks...
[16:44:54][ALERT] Processing 2 tasks...
[16:44:56][ALERT] Processing 2 tasks...
[16:44:58][ALERT] Processing 2 tasks...
[16:45:00][ALERT] Processing 2 tasks...
[16:45:02][ALERT] Processing 2 tasks...
[16:45:04][ALERT] Processing 2 tasks...
[16:45:06][ALERT] Processing 2 tasks...
[16:45:08][ALERT] Processing 2 tasks...
[16:45:10][ALERT] Processing 2 tasks...
[16:45:12][ALERT] Processing 2 tasks...
[16:45:14][ALERT] Processing 2 tasks...
[16:45:16][ALERT] Processing 2 tasks...
[16:45:18][ALERT] Processing 2 tasks...
[16:45:20][ALERT] Processing 2 tasks...
[16:45:22][ALERT] Processing 2 tasks...
[16:45:24][ALERT] Processing 2 tasks...
[16:45:26][ALERT] Processing 2 tasks...
[16:45:28][ALERT] Processing 2 tasks...
[16:45:30][ALERT] Processing 2 tasks...
[16:45:32][ALERT] Processing 3 tasks...
[16:45:34][ALERT] Processing 3 tasks...
[16:45:36][ALERT] Processing 3 tasks...
[16:45:38][ALERT] Processing 3 tasks...
[16:45:40][ALERT] Processing 3 tasks...
[16:45:42][ALERT] Processing 3 tasks...
[16:45:44][ALERT] Processing 3 tasks...
[16:45:46][ALERT] Processing 3 tasks...
[16:45:48][ALERT] Processing 3 tasks...
[16:45:50][ALERT] Processing 3 tasks...
[16:45:52][ALERT] Processing 3 tasks...
[16:45:54][ALERT] Processing 3 tasks...
[16:45:56][ALERT] Processing 3 tasks...
[16:45:58][ALERT] Processing 3 tasks...
[16:46:00][ALERT] Processing 3 tasks...
[16:46:02][ALERT] Processing 3 tasks...
[16:46:04][ALERT] Processing 3 tasks...
[16:46:06][ALERT] Processing 3 tasks...
[16:46:08][ALERT] Processing 3 tasks...
[16:46:10][ALERT] Processing 3 tasks...
[16:46:12][ALERT] Processing 3 tasks...
[16:46:14][ALERT] Processing 3 tasks...
[16:46:16][ALERT] Processing 3 tasks...
[16:46:18][ALERT] Processing 3 tasks...
[16:46:20][ALERT] Processing 3 tasks...
[16:46:22][ALERT] Processing 3 tasks...
[16:46:24][ALERT] Processing 3 tasks...
[16:46:26][ALERT] Processing 3 tasks...
[16:46:28][ALERT] Processing 3 tasks...
[16:46:30][ALERT] Processing 3 tasks...
[16:46:32][ALERT] Processing 3 tasks...
[16:46:34][ALERT] Processing 3 tasks...
[16:46:36][ALERT] Processing 3 tasks...
[16:46:38][ALERT] Processing 3 tasks...
[16:46:40][ALERT] Processing 3 tasks...
[16:46:42][ALERT] Processing 3 tasks...
[16:46:44][ALERT] Processing 3 tasks...
[16:46:46][ALERT] Processing 3 tasks...
[16:46:48][ALERT] Processing 3 tasks...
[16:46:50][ALERT] Processing 3 tasks...
[16:46:52][ALERT] Processing 3 tasks...
[16:46:54][ALERT] Processing 3 tasks...
[16:46:56][ALERT] Processing 3 tasks...
[16:46:58][ALERT] Processing 3 tasks...
[16:47:00][ALERT] Processing 3 tasks...
[16:47:02][ALERT] Processing 3 tasks...
[16:47:04][ALERT] Processing 3 tasks...
[16:47:06][ALERT] Processing 3 tasks...
[16:47:08][ALERT] Processing 3 tasks...
[16:47:10][ALERT] Processing 3 tasks...
[16:47:12][ALERT] Processing 3 tasks...
[16:47:14][ALERT] Processing 3 tasks...
[16:47:16][ALERT] Processing 3 tasks...
[16:47:18][ALERT] Processing 3 tasks...
[16:47:20][ALERT] Processing 3 tasks...
[16:47:22][ALERT] Processing 3 tasks...
[16:47:24][ALERT] Processing 3 tasks...
[16:47:26][ALERT] Processing 3 tasks...
[16:47:28][ALERT] Processing 3 tasks...
[16:47:30][ALERT] Processing 3 tasks...
[16:47:32][ALERT] Processing 3 tasks...
[16:47:34][ALERT] Processing 3 tasks...
[16:47:36][ALERT] Processing 3 tasks...
[16:47:38][ALERT] Processing 3 tasks...
[16:47:40][ALERT] Processing 3 tasks...
[16:47:42][ALERT] Processing 3 tasks...
[16:47:44][ALERT] Processing 3 tasks...
[16:47:46][ALERT] Processing 3 tasks...
[16:47:48][ALERT] Processing 3 tasks...
[16:47:50][ALERT] Processing 3 tasks...
[16:47:52][ALERT] Processing 3 tasks...
[16:47:54][ALERT] Processing 23 tasks...
[16:47:56][ALERT] Processing 23 tasks...
[16:47:58][ALERT] Processing 23 tasks...
[16:48:00][ALERT] Processing 17 tasks...
[16:48:02][ALERT] Processing 7 tasks...
[16:48:06][DREAM] Consolidating memory fragments...
[16:48:16][DREAM] Consolidating memory fragments...
[16:48:24][DREAM] Scanning for architectural drift...
[16:48:32][DREAM] Checking 'Scientist' agent availability...
[16:48:42][DREAM] System is idle. Awaiting sensory input...
[16:48:44][DREAM] System is idle. Awaiting sensory input...
[16:48:52][DREAM] Consolidating memory fragments...
[16:48:56][DREAM] Checking 'Scientist' agent availability...
[16:48:58][DREAM] Consolidating memory fragments...
[16:49:00][DREAM] Calibrating vector space geometry...
[16:49:10][DREAM] System is idle. Awaiting sensory input...
[16:49:14][DREAM] Scanning for architectural drift...
[16:49:16][DREAM] Consolidating memory fragments...
[16:49:22][DREAM] Scanning for architectural drift...
[16:49:30][DREAM] System is idle. Awaiting sensory input...
[16:49:32][DREAM] System is idle. Awaiting sensory input...
[16:49:40][DREAM] System is idle. Awaiting sensory input...
[16:49:48][DREAM] Checking 'Scientist' agent availability...
[16:49:52][DREAM] Checking 'Scientist' agent availability...
[16:50:10][DREAM] Consolidating memory fragments...
[16:50:12][DREAM] Consolidating memory fragments...
[16:50:14][DREAM] Checking 'Scientist' agent availability...
[16:50:20][DREAM] Maintaining homeostasis...
[16:50:24][DREAM] Consolidating memory fragments...
[16:50:28][DREAM] Checking 'Scientist' agent availability...
[16:50:30][DREAM] System is idle. Awaiting sensory input...
[16:50:42][DREAM] Maintaining homeostasis...
[16:50:48][DREAM] Checking 'Scientist' agent availability...
[16:51:20][DREAM] Checking 'Scientist' agent availability...
[16:51:28][DREAM] Consolidating memory fragments...
[16:51:38][DREAM] Consolidating memory fragments...
[16:51:40][DREAM] Checking 'Scientist' agent availability...
[16:51:48][DREAM] Scanning for architectural drift...
[16:51:52][DREAM] Consolidating memory fragments...
[16:52:04][DREAM] System is idle. Awaiting sensory input...
[16:52:10][DREAM] Maintaining homeostasis...
[16:52:16][DREAM] Calibrating vector space geometry...
[16:52:18][DREAM] System is idle. Awaiting sensory input...
[16:52:22][DREAM] System is idle. Awaiting sensory input...
[16:52:26][DREAM] Scanning for architectural drift...
[16:52:28][DREAM] System is idle. Awaiting sensory input...
[16:52:30][DREAM] Scanning for architectural drift...
[16:52:36][DREAM] Checking 'Scientist' agent availability...
[16:52:44][DREAM] Scanning for architectural drift...
[16:52:48][DREAM] System is idle. Awaiting sensory input...
[16:53:02][DREAM] Scanning for architectural drift...
[16:53:12][DREAM] Checking 'Scientist' agent availability...
[16:53:20][DREAM] Scanning for architectural drift...
[16:53:24][DREAM] Consolidating memory fragments...
[16:53:36][DREAM] Scanning for architectural drift...
[16:53:38][DREAM] Scanning for architectural drift...
[16:53:48][DREAM] Consolidating memory fragments...
[16:53:50][DREAM] Calibrating vector space geometry...
[16:53:56][DREAM] System is idle. Awaiting sensory input...
[16:53:58][DREAM] Consolidating memory fragments...
[16:54:08][DREAM] Calibrating vector space geometry...
[16:54:10][DREAM] Scanning for architectural drift...
[16:54:24][DREAM] Consolidating memory fragments...
[16:54:28][DREAM] System is idle. Awaiting sensory input...
[16:54:43][DREAM] Consolidating memory fragments...
[16:54:45][DREAM] Consolidating memory fragments...
[16:54:55][DREAM] Scanning for architectural drift...
[16:54:57][DREAM] Maintaining homeostasis...
[16:54:59][DREAM] Consolidating memory fragments...
[16:55:01][DREAM] System is idle. Awaiting sensory input...
[16:55:07][DREAM] Checking 'Scientist' agent availability...
[16:55:09][DREAM] Checking 'Scientist' agent availability...
[16:55:13][DREAM] Consolidating memory fragments...
[16:55:17][DREAM] Checking 'Scientist' agent availability...
[16:55:19][DREAM] Checking 'Scientist' agent availability...
[16:55:21][DREAM] System is idle. Awaiting sensory input...
[16:55:25][DREAM] Scanning for architectural drift...
[16:55:31][DREAM] Consolidating memory fragments...
[16:55:33][DREAM] System is idle. Awaiting sensory input...
[16:55:37][DREAM] Calibrating vector space geometry...
[16:55:57][DREAM] Calibrating vector space geometry...
[16:56:07][DREAM] Consolidating memory fragments...
[16:56:21][DREAM] Maintaining homeostasis...
[16:56:23][DREAM] Checking 'Scientist' agent availability...
[16:56:33][DREAM] Consolidating memory fragments...
[16:56:37][DREAM] Consolidating memory fragments...
[16:56:45][DREAM] System is idle. Awaiting sensory input...
[16:56:51][DREAM] Consolidating memory fragments...
[16:56:59][DREAM] Calibrating vector space geometry...
[16:57:07][DREAM] Consolidating memory fragments...
[16:57:29][DREAM] Scanning for architectural drift...
[16:57:31][DREAM] Scanning for architectural drift...
[16:57:33][DREAM] Checking 'Scientist' agent availability...
[16:58:01][DREAM] Consolidating memory fragments...
[16:58:13][DREAM] Checking 'Scientist' agent availability...
[16:58:17][DREAM] Checking 'Scientist' agent availability...
[16:58:51][DREAM] Checking 'Scientist' agent availability...
[16:58:53][DREAM] Calibrating vector space geometry...
[16:58:59][DREAM] Checking 'Scientist' agent availability...
[16:59:07][DREAM] Maintaining homeostasis...
[16:59:09][DREAM] Scanning for architectural drift...
[16:59:19][DREAM] Scanning for architectural drift...
[16:59:37][DREAM] Calibrating vector space geometry...
[16:59:43][DREAM] Checking 'Scientist' agent availability...
[16:59:59][DREAM] Calibrating vector space geometry...
[17:00:01][DREAM] Scanning for architectural drift...
[17:00:19][DREAM] Maintaining homeostasis...
[17:00:25][DREAM] Consolidating memory fragments...
[17:00:29][DREAM] System is idle. Awaiting sensory input...
[17:00:31][DREAM] Consolidating memory fragments...
[17:00:41][DREAM] Consolidating memory fragments...
[17:00:45][DREAM] Scanning for architectural drift...
[17:01:01][DREAM] Scanning for architectural drift...
[17:01:05][DREAM] Scanning for architectural drift...
[17:01:09][DREAM] Scanning for architectural drift...
[17:01:13][DREAM] System is idle. Awaiting sensory input...
[17:01:15][DREAM] Scanning for architectural drift...
[17:01:17][DREAM] Consolidating memory fragments...
[17:01:37][DREAM] Checking 'Scientist' agent availability...
[17:01:45][DREAM] Maintaining homeostasis...
[17:01:55][DREAM] Calibrating vector space geometry...
[17:02:01][DREAM] Consolidating memory fragments...
[17:02:13][DREAM] Consolidating memory fragments...
[17:02:33][DREAM] System is idle. Awaiting sensory input...
[17:02:37][DREAM] Scanning for architectural drift...
[17:02:45][DREAM] Scanning for architectural drift...
[17:02:49][DREAM] Consolidating memory fragments...
[17:02:53][DREAM] Checking 'Scientist' agent availability...
[17:03:07][DREAM] Maintaining homeostasis...
[17:03:11][DREAM] Scanning for architectural drift...
[17:03:17][DREAM] Consolidating memory fragments...
[17:03:31][DREAM] System is idle. Awaiting sensory input...
[17:03:35][DREAM] Consolidating memory fragments...
[17:03:43][DREAM] Calibrating vector space geometry...
[17:03:49][DREAM] Calibrating vector space geometry...
[17:03:51][DREAM] System is idle. Awaiting sensory input...
[17:03:53][DREAM] Calibrating vector space geometry...
[17:03:55][DREAM] Consolidating memory fragments...
[17:04:01][DREAM] Consolidating memory fragments...
[17:04:05][DREAM] Calibrating vector space geometry...
[17:04:15][DREAM] Maintaining homeostasis...
[17:04:21][DREAM] Checking 'Scientist' agent availability...
[17:04:29][DREAM] System is idle. Awaiting sensory input...
[17:04:49][DREAM] Scanning for architectural drift...
[17:04:51][DREAM] Consolidating memory fragments...
[17:05:01][DREAM] Calibrating vector space geometry...
[17:05:25][DREAM] Maintaining homeostasis...
[17:05:27][DREAM] Checking 'Scientist' agent availability...
[17:05:33][DREAM] System is idle. Awaiting sensory input...
[17:05:35][DREAM] Checking 'Scientist' agent availability...
[17:05:41][DREAM] Checking 'Scientist' agent availability...
[17:05:45][DREAM] Scanning for architectural drift...
[17:06:09][DREAM] Checking 'Scientist' agent availability...
[17:06:13][DREAM] Consolidating memory fragments...
[17:06:15][DREAM] Checking 'Scientist' agent availability...
[17:06:17][DREAM] Checking 'Scientist' agent availability...
[17:06:24][DREAM] Checking 'Scientist' agent availability...
[17:06:28][DREAM] Scanning for architectural drift...
[17:06:40][DREAM] System is idle. Awaiting sensory input...
[17:06:44][DREAM] System is idle. Awaiting sensory input...
[17:06:54][DREAM] Checking 'Scientist' agent availability...
[17:06:58][DREAM] System is idle. Awaiting sensory input...
[17:07:00][DREAM] Consolidating memory fragments...
[17:07:16][DREAM] Maintaining homeostasis...
[17:07:20][DREAM] Maintaining homeostasis...
[17:07:22][DREAM] Calibrating vector space geometry...
[17:07:28][DREAM] Consolidating memory fragments...
[17:07:38][DREAM] Checking 'Scientist' agent availability...
[17:07:54][DREAM] System is idle. Awaiting sensory input...
[17:08:04][DREAM] Consolidating memory fragments...
[17:08:06][DREAM] Maintaining homeostasis...
[17:08:12][DREAM] Maintaining homeostasis...
[17:08:18][DREAM] Calibrating vector space geometry...
[17:08:22][DREAM] Calibrating vector space geometry...
[17:08:26][DREAM] Calibrating vector space geometry...
[17:08:32][DREAM] Maintaining homeostasis...
[17:08:36][DREAM] Consolidating memory fragments...
[17:08:42][DREAM] Maintaining homeostasis...
[17:08:46][DREAM] System is idle. Awaiting sensory input...
[17:08:48][DREAM] Consolidating memory fragments...
[17:08:50][DREAM] Scanning for architectural drift...
[17:09:30][DREAM] Consolidating memory fragments...
[17:09:32][DREAM] Checking 'Scientist' agent availability...
[17:09:34][DREAM] Consolidating memory fragments...
[17:09:36][DREAM] Consolidating memory fragments...
[17:09:38][DREAM] Checking 'Scientist' agent availability...
[17:09:40][DREAM] Calibrating vector space geometry...
[17:09:46][DREAM] Scanning for architectural drift...
[17:10:00][DREAM] System is idle. Awaiting sensory input...
[17:10:06][DREAM] Scanning for architectural drift...
[17:10:08][DREAM] Checking 'Scientist' agent availability...
[17:10:10][DREAM] Scanning for architectural drift...
[17:10:12][DREAM] Calibrating vector space geometry...
[17:10:24][DREAM] Scanning for architectural drift...
[17:10:26][DREAM] Scanning for architectural drift...
[17:10:28][DREAM] System is idle. Awaiting sensory input...
[17:10:40][DREAM] Maintaining homeostasis...
[17:10:50][DREAM] Consolidating memory fragments...
[17:10:52][DREAM] Calibrating vector space geometry...
[17:10:56][DREAM] Maintaining homeostasis...
[17:11:10][DREAM] Maintaining homeostasis...
[17:11:20][DREAM] System is idle. Awaiting sensory input...
[17:11:32][DREAM] Calibrating vector space geometry...
[17:11:54][DREAM] System is idle. Awaiting sensory input...
[17:11:58][DREAM] Checking 'Scientist' agent availability...
[17:12:08][DREAM] Maintaining homeostasis...
[17:12:10][DREAM] Checking 'Scientist' agent availability...
[17:12:18][DREAM] Consolidating memory fragments...
[17:12:22][DREAM] Checking 'Scientist' agent availability...
[17:12:30][DREAM] Consolidating memory fragments...
[17:12:46][DREAM] Consolidating memory fragments...
[17:12:54][DREAM] Calibrating vector space geometry...
[17:12:58][DREAM] Calibrating vector space geometry...
[17:13:08][DREAM] Maintaining homeostasis...
[17:13:14][DREAM] Consolidating memory fragments...
[17:13:18][DREAM] Checking 'Scientist' agent availability...
[17:13:26][DREAM] Consolidating memory fragments...
[17:13:40][DREAM] Calibrating vector space geometry...
[17:14:02][DREAM] Calibrating vector space geometry...
[17:14:06][DREAM] Consolidating memory fragments...
[17:14:08][DREAM] Calibrating vector space geometry...
[17:14:12][DREAM] Scanning for architectural drift...
[17:14:18][DREAM] System is idle. Awaiting sensory input...
[17:14:22][DREAM] Calibrating vector space geometry...
[17:14:24][DREAM] Checking 'Scientist' agent availability...
[17:14:26][DREAM] Calibrating vector space geometry...
[17:14:28][DREAM] Scanning for architectural drift...
[17:14:30][DREAM] System is idle. Awaiting sensory input...
[17:14:36][DREAM] Consolidating memory fragments...
[17:14:40][DREAM] Consolidating memory fragments...
[17:14:44][DREAM] System is idle. Awaiting sensory input...
[17:14:50][DREAM] System is idle. Awaiting sensory input...
[17:14:58][DREAM] Consolidating memory fragments...
[17:15:00][DREAM] Checking 'Scientist' agent availability...
[17:15:08][DREAM] Calibrating vector space geometry...
[17:15:20][DREAM] Consolidating memory fragments...
[17:15:36][DREAM] System is idle. Awaiting sensory input...
[17:15:40][DREAM] Maintaining homeostasis...
[17:15:46][DREAM] System is idle. Awaiting sensory input...
[17:15:50][DREAM] System is idle. Awaiting sensory input...
[17:15:56][DREAM] Maintaining homeostasis...
[17:16:04][DREAM] Scanning for architectural drift...
[17:16:12][DREAM] Scanning for architectural drift...
[17:16:26][DREAM] Consolidating memory fragments...
[17:16:30][DREAM] Consolidating memory fragments...
[17:16:40][DREAM] System is idle. Awaiting sensory input...
[17:16:44][DREAM] Scanning for architectural drift...
[17:16:54][DREAM] Maintaining homeostasis...
[17:16:58][DREAM] Consolidating memory fragments...
[17:17:00][DREAM] Scanning for architectural drift...
[17:17:10][DREAM] Checking 'Scientist' agent availability...
[17:17:16][DREAM] Maintaining homeostasis...
[17:17:32][DREAM] Consolidating memory fragments...
[17:17:52][DREAM] Maintaining homeostasis...
[17:18:06][DREAM] Checking 'Scientist' agent availability...
[17:18:15][DREAM] Scanning for architectural drift...
[17:18:33][DREAM] Scanning for architectural drift...
[17:18:41][DREAM] System is idle. Awaiting sensory input...
[17:18:43][DREAM] Scanning for architectural drift...
[17:18:47][DREAM] Calibrating vector space geometry...
[17:18:53][DREAM] Maintaining homeostasis...
[17:18:55][DREAM] Scanning for architectural drift...
[17:18:59][DREAM] Checking 'Scientist' agent availability...
[17:19:03][DREAM] Consolidating memory fragments...
[17:19:05][DREAM] Consolidating memory fragments...
[17:19:07][DREAM] Consolidating memory fragments...
[17:19:09][DREAM] Calibrating vector space geometry...
[17:19:17][DREAM] Calibrating vector space geometry...
[17:19:21][DREAM] Calibrating vector space geometry...
[17:19:25][DREAM] Calibrating vector space geometry...
[17:19:31][DREAM] Scanning for architectural drift...
[17:19:33][DREAM] System is idle. Awaiting sensory input...
[17:19:35][DREAM] Scanning for architectural drift...
[17:19:41][DREAM] Scanning for architectural drift...
[17:19:43][DREAM] Consolidating memory fragments...
[17:19:47][DREAM] Maintaining homeostasis...
[17:19:53][DREAM] Checking 'Scientist' agent availability...
[17:19:55][DREAM] Scanning for architectural drift...
[17:19:57][DREAM] Scanning for architectural drift...
[17:20:05][DREAM] Maintaining homeostasis...
[17:20:07][DREAM] Scanning for architectural drift...
[17:20:15][DREAM] Consolidating memory fragments...
[17:20:17][DREAM] System is idle. Awaiting sensory input...
[17:20:31][DREAM] Calibrating vector space geometry...
[17:20:35][DREAM] Scanning for architectural drift...
