nohup: ignoring input
/home/ubuntu/MISO-Phoenix/venv/lib/python3.10/site-packages/google/api_core/_python_version_support.py:266: FutureWarning: You are using a Python version (3.10.12) which Google will stop supporting in new releases of google.api_core once it reaches its end of life (2026-10-04). Please upgrade to the latest Python version, or at least Python 3.11, to continue receiving updates for google.api_core past that date.
  warnings.warn(message, FutureWarning)
2025-11-24 20:28:28,915 - [NOTIFIER] 🦅 SENTINEL ONLINE. TARGET: NVIDIA Stock & AI Market Sentiment
2025-11-24 20:28:28,915 - [NOTIFIER] 📢 ALERT TRIGGERED: Watchdog restarted. Monitoring NVIDIA Stock & AI Market Sentiment.
2025-11-24 20:28:29,180 - [NOTIFIER] ✅ Alert sent to Discord.
2025-11-24 20:28:29,181 - [NOTIFIER] 🔭 Scanning horizon...
2025-11-24 20:28:29,181 - [NOTIFIER]    Latest Headlines:
Model Offline.
2025-11-24 20:28:29,181 - [NOTIFIER] ✅ No threats detected.
2025-11-24 20:28:29,181 - [NOTIFIER] 💤 Sleeping for 60s...
2025-11-24 20:29:29,219 - [NOTIFIER] 🔭 Scanning horizon...
2025-11-24 20:29:29,219 - [NOTIFIER]    Latest Headlines:
Model Offline.
2025-11-24 20:29:29,219 - [NOTIFIER] ✅ No threats detected.
2025-11-24 20:29:29,219 - [NOTIFIER] 💤 Sleeping for 60s...
2025-11-24 20:30:29,247 - [NOTIFIER] 🔭 Scanning horizon...
2025-11-24 20:30:29,247 - [NOTIFIER]    Latest Headlines:
Model Offline.
2025-11-24 20:30:29,247 - [NOTIFIER] ✅ No threats detected.
2025-11-24 20:30:29,247 - [NOTIFIER] 💤 Sleeping for 60s...
2025-11-24 20:31:29,294 - [NOTIFIER] 🔭 Scanning horizon...
2025-11-24 20:31:29,295 - [NOTIFIER]    Latest Headlines:
Model Offline.
2025-11-24 20:31:29,295 - [NOTIFIER] ✅ No threats detected.
2025-11-24 20:31:29,295 - [NOTIFIER] 💤 Sleeping for 60s...
2025-11-24 20:32:29,302 - [NOTIFIER] 🔭 Scanning horizon...
2025-11-24 20:32:29,303 - [NOTIFIER]    Latest Headlines:
Model Offline.
2025-11-24 20:32:29,303 - [NOTIFIER] ✅ No threats detected.
2025-11-24 20:32:29,303 - [NOTIFIER] 💤 Sleeping for 60s...
2025-11-24 20:33:29,350 - [NOTIFIER] 🔭 Scanning horizon...
2025-11-24 20:33:29,351 - [NOTIFIER]    Latest Headlines:
Model Offline.
2025-11-24 20:33:29,351 - [NOTIFIER] ✅ No threats detected.
2025-11-24 20:33:29,351 - [NOTIFIER] 💤 Sleeping for 60s...
2025-11-24 20:34:29,406 - [NOTIFIER] 🔭 Scanning horizon...
2025-11-24 20:34:29,406 - [NOTIFIER]    Latest Headlines:
Model Offline.
2025-11-24 20:34:29,407 - [NOTIFIER] ✅ No threats detected.
2025-11-24 20:34:29,407 - [NOTIFIER] 💤 Sleeping for 60s...
